// Jest Snapshot v1, https://goo.gl/fbAQLP

exports[`Creates Overview Component Overview Snapshot Test Overview 1`] = `null`;
