// Jest Snapshot v1, https://goo.gl/fbAQLP

exports[`Welcome (Snapshot) Welcome renders PROJECT CATWALK 1`] = `ShallowWrapper {}`;
