// Jest Snapshot v1, https://goo.gl/fbAQLP

exports[`Welcome (Snapshot) Welcome renders App.jsx 1`] = `
<div
  className="main container"
>
  <div
    className="mb-4 mt-4 row"
  >
    <header>
      <h1
        className="page-branding logo page-banner"
      >
        PROJECT CATWALK
      </h1>
    </header>
  </div>
  <form
    className=""
  >
    <div
      className="form-group"
    >
      <label
        className="form-label"
        htmlFor="searchNewProductById"
      >
        Search New Product By ID
      </label>
      <input
        className="form-control"
        id="searchNewProductById"
        onChange={[Function]}
        placeholder="Enter Product ID"
        type="number"
      />
    </div>
    <button
      className="btn btn-secondary"
      disabled={false}
      onClick={[Function]}
      type="submit"
    >
      Submit
    </button>
  </form>
  <div
    className="container"
  >
    <div
      className="mb-4 row"
    />
    <div
      className="mb-4 row"
    >
      <div>
        <div
          className="container-fluid"
        >
          <div
            className="row"
          >
            <div
              className="col"
            >
              <h3
                id="title"
              >
                Questions and Answers
              </h3>
            </div>
          </div>
        </div>
      </div>
    </div>
    <div
      className="mb-4 row"
    >
      <div
        className="container"
      >
        <div
          className="row"
        >
          <h3
            className="text-uppercase"
          >
            Ratings and Reviews
          </h3>
        </div>
        <div
          className="row"
        >
          <div
            className="col-4 ratings col"
          >
            <div>
              Loading Ratings...
            </div>
          </div>
          <div
            className="col-8 reviews col"
          >
            Reviews are loading...
          </div>
        </div>
      </div>
    </div>
  </div>
</div>
`;
